127.0.0.1 - - [26/Aug/2021:19:02:48 +0530] "GET / HTTP/1.1" 404 951
0:0:0:0:0:0:0:1 - - [26/Aug/2021:19:03:19 +0530] "GET /ProjectManage/Course.html HTTP/1.1" 304 -
0:0:0:0:0:0:0:1 - - [26/Aug/2021:19:03:20 +0530] "GET /ProjectManage/ims12.jpg HTTP/1.1" 304 -
0:0:0:0:0:0:0:1 - - [26/Aug/2021:19:03:20 +0530] "GET /favicon.ico HTTP/1.1" 404 973
0:0:0:0:0:0:0:1 - - [26/Aug/2021:19:03:50 +0530] "GET /ProjectManage/AdmiInsert.html HTTP/1.1" 200 3960
127.0.0.1 - - [26/Aug/2021:19:05:41 +0530] "GET / HTTP/1.1" 404 951
0:0:0:0:0:0:0:1 - - [26/Aug/2021:19:05:46 +0530] "GET /ProjectManage/AdmiInsert.html HTTP/1.1" 200 3960
127.0.0.1 - - [26/Aug/2021:19:06:14 +0530] "GET / HTTP/1.1" 404 951
0:0:0:0:0:0:0:1 - - [26/Aug/2021:19:06:18 +0530] "GET /ProjectManage/AdmiInsert.html HTTP/1.1" 200 3959
127.0.0.1 - - [26/Aug/2021:19:06:45 +0530] "GET / HTTP/1.1" 404 951
0:0:0:0:0:0:0:1 - - [26/Aug/2021:19:06:52 +0530] "GET /ProjectManage/AdmiInsert.html HTTP/1.1" 200 3959
127.0.0.1 - - [26/Aug/2021:19:28:37 +0530] "GET / HTTP/1.1" 404 951
0:0:0:0:0:0:0:1 - - [26/Aug/2021:19:28:50 +0530] "GET /ProjectManage/AdmiInsert.html HTTP/1.1" 200 5332
0:0:0:0:0:0:0:1 - - [26/Aug/2021:19:28:53 +0530] "GET /ProjectManage/AdmiInsert.html HTTP/1.1" 304 -
0:0:0:0:0:0:0:1 - - [26/Aug/2021:19:28:54 +0530] "GET /ProjectManage/AdmiInsert.html HTTP/1.1" 304 -
127.0.0.1 - - [26/Aug/2021:19:31:03 +0530] "GET / HTTP/1.1" 404 951
0:0:0:0:0:0:0:1 - - [26/Aug/2021:19:31:09 +0530] "GET /ProjectManage/AdmiInsert.html HTTP/1.1" 200 5350
127.0.0.1 - - [26/Aug/2021:19:31:58 +0530] "GET / HTTP/1.1" 404 951
0:0:0:0:0:0:0:1 - - [26/Aug/2021:19:32:00 +0530] "GET /ProjectManage/AdmiInsert.html HTTP/1.1" 200 5318
127.0.0.1 - - [26/Aug/2021:19:32:27 +0530] "GET / HTTP/1.1" 404 951
0:0:0:0:0:0:0:1 - - [26/Aug/2021:19:32:34 +0530] "GET /ProjectManage/AdmiInsert.html HTTP/1.1" 200 5332
127.0.0.1 - - [26/Aug/2021:19:42:10 +0530] "GET / HTTP/1.1" 404 951
0:0:0:0:0:0:0:1 - - [26/Aug/2021:19:42:36 +0530] "GET /ProjectManage/AdmDeletehtml HTTP/1.1" 404 1005
0:0:0:0:0:0:0:1 - - [26/Aug/2021:19:42:49 +0530] "GET /ProjectManage/AdmiDeletehtml HTTP/1.1" 404 1007
0:0:0:0:0:0:0:1 - - [26/Aug/2021:19:43:00 +0530] "GET /ProjectManage/AdmiDelete.html HTTP/1.1" 200 2368
127.0.0.1 - - [26/Aug/2021:19:43:39 +0530] "GET / HTTP/1.1" 404 951
127.0.0.1 - - [26/Aug/2021:19:45:17 +0530] "GET / HTTP/1.1" 404 951
0:0:0:0:0:0:0:1 - - [26/Aug/2021:19:45:22 +0530] "GET /ProjectManage/AdmiDelete.html HTTP/1.1" 200 2424
127.0.0.1 - - [26/Aug/2021:19:46:37 +0530] "GET / HTTP/1.1" 404 951
0:0:0:0:0:0:0:1 - - [26/Aug/2021:19:46:50 +0530] "GET /ProjectManage/AdmiDelete.html HTTP/1.1" 200 2431
127.0.0.1 - - [26/Aug/2021:19:49:44 +0530] "GET / HTTP/1.1" 404 951
0:0:0:0:0:0:0:1 - - [26/Aug/2021:19:49:49 +0530] "GET /ProjectManage/AdmiDelete.html HTTP/1.1" 200 2702
127.0.0.1 - - [26/Aug/2021:20:01:20 +0530] "GET / HTTP/1.1" 404 951
0:0:0:0:0:0:0:1 - - [26/Aug/2021:20:01:41 +0530] "GET /ProjectManage/AdmiFind.html HTTP/1.1" 200 2345
127.0.0.1 - - [26/Aug/2021:20:14:58 +0530] "GET / HTTP/1.1" 404 951
0:0:0:0:0:0:0:1 - - [26/Aug/2021:20:15:04 +0530] "GET /ProjectManage/AdmiFind.html HTTP/1.1" 304 -
0:0:0:0:0:0:0:1 - - [26/Aug/2021:20:15:18 +0530] "GET /ProjectManage/AdmiUpdate.html HTTP/1.1" 200 3880
127.0.0.1 - - [26/Aug/2021:20:18:03 +0530] "GET / HTTP/1.1" 404 951
0:0:0:0:0:0:0:1 - - [26/Aug/2021:20:18:06 +0530] "GET /ProjectManage/AdmiUpdate.html HTTP/1.1" 200 3937
127.0.0.1 - - [26/Aug/2021:20:24:15 +0530] "GET / HTTP/1.1" 404 951
127.0.0.1 - - [26/Aug/2021:20:25:15 +0530] "GET / HTTP/1.1" 404 951
0:0:0:0:0:0:0:1 - - [26/Aug/2021:20:25:20 +0530] "GET /ProjectManage/Course.html HTTP/1.1" 200 4049
127.0.0.1 - - [26/Aug/2021:20:27:16 +0530] "GET / HTTP/1.1" 404 951
0:0:0:0:0:0:0:1 - - [26/Aug/2021:20:27:20 +0530] "GET /ProjectManage/Course.html HTTP/1.1" 200 4013
