127.0.0.1 - - [12/Aug/2021:11:20:18 +0530] "GET / HTTP/1.1" 404 951
0:0:0:0:0:0:0:1 - - [12/Aug/2021:11:20:47 +0530] "GET /ProjectManage/Course.html HTTP/1.1" 304 -
0:0:0:0:0:0:0:1 - - [12/Aug/2021:11:20:47 +0530] "GET /ProjectManage/logos.jpg HTTP/1.1" 304 -
0:0:0:0:0:0:0:1 - - [12/Aug/2021:11:20:47 +0530] "GET /favicon.ico HTTP/1.1" 404 973
0:0:0:0:0:0:0:1 - - [12/Aug/2021:11:21:01 +0530] "GET /ProjectManage/CUpdate.html HTTP/1.1" 200 1473
0:0:0:0:0:0:0:1 - - [12/Aug/2021:11:21:13 +0530] "GET /ProjectManage/Update.jsp?CourseId=5768 HTTP/1.1" 404 999
127.0.0.1 - - [12/Aug/2021:11:23:44 +0530] "GET / HTTP/1.1" 404 951
0:0:0:0:0:0:0:1 - - [12/Aug/2021:11:24:32 +0530] "GET /ProjectManage/CUpdate.html HTTP/1.1" 200 1879
0:0:0:0:0:0:0:1 - - [12/Aug/2021:11:25:15 +0530] "GET /ProjectManage/CourseUpdate.jsp?CourseId=5768&CName=&Duration=&Fees=12000 HTTP/1.1" 200 204
127.0.0.1 - - [12/Aug/2021:11:26:58 +0530] "GET / HTTP/1.1" 404 951
0:0:0:0:0:0:0:1 - - [12/Aug/2021:11:27:06 +0530] "GET /ProjectManage/CUpdate.html HTTP/1.1" 304 -
0:0:0:0:0:0:0:1 - - [12/Aug/2021:11:27:21 +0530] "GET /ProjectManage/CourseUpdate.jsp?CourseId=5768&CName=&Duration=&Fees=12000 HTTP/1.1" 200 178
127.0.0.1 - - [12/Aug/2021:11:29:22 +0530] "GET / HTTP/1.1" 404 951
0:0:0:0:0:0:0:1 - - [12/Aug/2021:11:29:35 +0530] "GET /ProjectManage/CUpdate.html HTTP/1.1" 304 -
0:0:0:0:0:0:0:1 - - [12/Aug/2021:11:29:39 +0530] "GET /ProjectManage/CUpdate.html HTTP/1.1" 304 -
0:0:0:0:0:0:0:1 - - [12/Aug/2021:11:29:52 +0530] "GET /ProjectManage/CourseUpdate.jsp?CourseId=5768&CName=python&Duration=&Fees= HTTP/1.1" 200 178
127.0.0.1 - - [12/Aug/2021:11:31:06 +0530] "GET / HTTP/1.1" 404 951
0:0:0:0:0:0:0:1 - - [12/Aug/2021:11:31:12 +0530] "GET /ProjectManage/CUpdate.html HTTP/1.1" 304 -
0:0:0:0:0:0:0:1 - - [12/Aug/2021:11:31:14 +0530] "GET /ProjectManage/CUpdate.html HTTP/1.1" 304 -
0:0:0:0:0:0:0:1 - - [12/Aug/2021:11:31:31 +0530] "GET /ProjectManage/CourseUpdate.jsp?CourseId=5768&CName=C%2B%2B&Duration=&Fees= HTTP/1.1" 200 152
127.0.0.1 - - [12/Aug/2021:11:32:21 +0530] "GET / HTTP/1.1" 404 951
127.0.0.1 - - [12/Aug/2021:11:33:12 +0530] "GET / HTTP/1.1" 404 951
0:0:0:0:0:0:0:1 - - [12/Aug/2021:11:33:21 +0530] "GET /ProjectManage/CUpdate.html HTTP/1.1" 304 -
0:0:0:0:0:0:0:1 - - [12/Aug/2021:11:33:24 +0530] "GET /ProjectManage/CUpdate.html HTTP/1.1" 304 -
0:0:0:0:0:0:0:1 - - [12/Aug/2021:11:33:41 +0530] "GET /ProjectManage/CourseUpdate.jsp?CourseId=5768&CName=C%2B%2B&Duration=&Fees= HTTP/1.1" 200 178
127.0.0.1 - - [12/Aug/2021:11:37:42 +0530] "GET / HTTP/1.1" 404 951
0:0:0:0:0:0:0:1 - - [12/Aug/2021:11:37:51 +0530] "GET /ProjectManage/CUpdate.html HTTP/1.1" 304 -
0:0:0:0:0:0:0:1 - - [12/Aug/2021:11:37:55 +0530] "GET /ProjectManage/CUpdate.html HTTP/1.1" 304 -
0:0:0:0:0:0:0:1 - - [12/Aug/2021:11:38:07 +0530] "GET /ProjectManage/CourseUpdate.jsp?CourseId=5768&CName=C%2B%2B&Duration=&Fees= HTTP/1.1" 200 204
127.0.0.1 - - [12/Aug/2021:11:41:52 +0530] "GET / HTTP/1.1" 404 951
0:0:0:0:0:0:0:1 - - [12/Aug/2021:11:42:06 +0530] "GET /ProjectManage/CUpdate.html HTTP/1.1" 304 -
0:0:0:0:0:0:0:1 - - [12/Aug/2021:11:42:08 +0530] "GET /ProjectManage/CUpdate.html HTTP/1.1" 304 -
0:0:0:0:0:0:0:1 - - [12/Aug/2021:11:42:22 +0530] "GET /ProjectManage/CourseUpdate.jsp?CourseId=5768&CName=C%2B%2B&Duration=&Fees= HTTP/1.1" 200 204
127.0.0.1 - - [12/Aug/2021:11:45:08 +0530] "GET / HTTP/1.1" 404 951
0:0:0:0:0:0:0:1 - - [12/Aug/2021:11:45:19 +0530] "GET /ProjectManage/CUpdate.html HTTP/1.1" 304 -
0:0:0:0:0:0:0:1 - - [12/Aug/2021:11:45:22 +0530] "GET /ProjectManage/CUpdate.html HTTP/1.1" 304 -
0:0:0:0:0:0:0:1 - - [12/Aug/2021:11:45:35 +0530] "GET /ProjectManage/CourseUpdate.jsp?CourseId=5768&CName=python&Duration=&Fees= HTTP/1.1" 200 178
127.0.0.1 - - [12/Aug/2021:11:49:56 +0530] "GET / HTTP/1.1" 404 951
0:0:0:0:0:0:0:1 - - [12/Aug/2021:11:50:03 +0530] "GET /ProjectManage/CUpdate.html HTTP/1.1" 304 -
0:0:0:0:0:0:0:1 - - [12/Aug/2021:11:50:05 +0530] "GET /ProjectManage/CUpdate.html HTTP/1.1" 304 -
0:0:0:0:0:0:0:1 - - [12/Aug/2021:11:50:17 +0530] "GET /ProjectManage/CourseUpdate.jsp?CourseId=5768&CName=python&Duration=&Fees= HTTP/1.1" 200 204
127.0.0.1 - - [12/Aug/2021:11:52:32 +0530] "GET / HTTP/1.1" 404 951
0:0:0:0:0:0:0:1 - - [12/Aug/2021:11:52:38 +0530] "GET /ProjectManage/CUpdate.html HTTP/1.1" 304 -
0:0:0:0:0:0:0:1 - - [12/Aug/2021:11:52:40 +0530] "GET /ProjectManage/CUpdate.html HTTP/1.1" 304 -
0:0:0:0:0:0:0:1 - - [12/Aug/2021:11:52:50 +0530] "GET /ProjectManage/CourseUpdate.jsp?CourseId=5768&CName=python&Duration=&Fees= HTTP/1.1" 200 204
127.0.0.1 - - [12/Aug/2021:11:58:58 +0530] "GET / HTTP/1.1" 404 951
0:0:0:0:0:0:0:1 - - [12/Aug/2021:11:59:06 +0530] "GET /ProjectManage/CUpdate.html HTTP/1.1" 200 1617
0:0:0:0:0:0:0:1 - - [12/Aug/2021:11:59:23 +0530] "GET /ProjectManage/CourseUpdate.jsp?CourseId=5768&CName=python HTTP/1.1" 200 204
127.0.0.1 - - [12/Aug/2021:12:08:05 +0530] "GET / HTTP/1.1" 404 951
0:0:0:0:0:0:0:1 - - [12/Aug/2021:12:08:14 +0530] "GET /ProjectManage/CUpdate.html HTTP/1.1" 200 1879
0:0:0:0:0:0:0:1 - - [12/Aug/2021:12:08:53 +0530] "GET /ProjectManage/CourseUpdate.jsp?CourseId=7379&CName=C%2B%2B&Duration=&Fees= HTTP/1.1" 200 152
127.0.0.1 - - [12/Aug/2021:12:10:53 +0530] "GET / HTTP/1.1" 404 951
0:0:0:0:0:0:0:1 - - [12/Aug/2021:12:11:01 +0530] "GET /ProjectManage/CUpdate.html HTTP/1.1" 304 -
0:0:0:0:0:0:0:1 - - [12/Aug/2021:12:11:04 +0530] "GET /ProjectManage/CUpdate.html HTTP/1.1" 304 -
0:0:0:0:0:0:0:1 - - [12/Aug/2021:12:11:13 +0530] "GET /ProjectManage/CourseUpdate.jsp?CourseId=7379&CName=python&Duration=&Fees= HTTP/1.1" 200 152
127.0.0.1 - - [12/Aug/2021:12:19:48 +0530] "GET / HTTP/1.1" 404 951
0:0:0:0:0:0:0:1 - - [12/Aug/2021:12:19:58 +0530] "GET /ProjectManage/CUpdate.html HTTP/1.1" 304 -
0:0:0:0:0:0:0:1 - - [12/Aug/2021:12:20:57 +0530] "GET /ProjectManage/CourseUpdate.jsp?CourseId=5768&CName=C%2B%2B&Duration=&Fees= HTTP/1.1" 200 204
127.0.0.1 - - [12/Aug/2021:12:25:58 +0530] "GET / HTTP/1.1" 404 951
0:0:0:0:0:0:0:1 - - [12/Aug/2021:12:26:06 +0530] "GET /ProjectManage/CUpdate.html HTTP/1.1" 304 -
0:0:0:0:0:0:0:1 - - [12/Aug/2021:12:26:23 +0530] "GET /ProjectManage/CourseUpdate.jsp?CourseId=5768&CName=&Duration=&Fees=12000 HTTP/1.1" 200 204
127.0.0.1 - - [12/Aug/2021:12:36:28 +0530] "GET / HTTP/1.1" 404 951
0:0:0:0:0:0:0:1 - - [12/Aug/2021:12:36:37 +0530] "GET /ProjectManage/CUpdate.html HTTP/1.1" 304 -
0:0:0:0:0:0:0:1 - - [12/Aug/2021:12:36:40 +0530] "GET /ProjectManage/CUpdate.html HTTP/1.1" 304 -
0:0:0:0:0:0:0:1 - - [12/Aug/2021:12:37:56 +0530] "GET /ProjectManage/CUpdate.html HTTP/1.1" 304 -
127.0.0.1 - - [12/Aug/2021:12:39:10 +0530] "GET / HTTP/1.1" 404 951
0:0:0:0:0:0:0:1 - - [12/Aug/2021:12:39:16 +0530] "GET /ProjectManage/CUpdate.html HTTP/1.1" 304 -
0:0:0:0:0:0:0:1 - - [12/Aug/2021:12:39:25 +0530] "GET /ProjectManage/CourseUpdate.jsp?CourseId=5768&CName=&Duration=&Fees=12000 HTTP/1.1" 200 204
127.0.0.1 - - [12/Aug/2021:12:41:39 +0530] "GET / HTTP/1.1" 404 951
0:0:0:0:0:0:0:1 - - [12/Aug/2021:12:41:45 +0530] "GET /ProjectManage/CUpdate.html HTTP/1.1" 304 -
0:0:0:0:0:0:0:1 - - [12/Aug/2021:12:41:54 +0530] "GET /ProjectManage/CourseUpdate.jsp?CourseId=5768&CName=&Duration=&Fees=12000 HTTP/1.1" 200 178
127.0.0.1 - - [12/Aug/2021:12:42:22 +0530] "GET / HTTP/1.1" 404 951
0:0:0:0:0:0:0:1 - - [12/Aug/2021:12:42:28 +0530] "GET /ProjectManage/CUpdate.html HTTP/1.1" 304 -
0:0:0:0:0:0:0:1 - - [12/Aug/2021:12:42:35 +0530] "GET /ProjectManage/CourseUpdate.jsp?CourseId=5768&CName=&Duration=&Fees=12000 HTTP/1.1" 200 152
127.0.0.1 - - [12/Aug/2021:12:57:10 +0530] "GET / HTTP/1.1" 404 951
0:0:0:0:0:0:0:1 - - [12/Aug/2021:12:57:14 +0530] "GET /ProjectManage/CUpdate.html HTTP/1.1" 200 2173
0:0:0:0:0:0:0:1 - - [12/Aug/2021:12:57:17 +0530] "GET /ProjectManage/CourseUpdate.jsp?CourseId=&CName=&Duration=&Fees= HTTP/1.1" 200 152
127.0.0.1 - - [12/Aug/2021:12:57:56 +0530] "GET / HTTP/1.1" 404 951
0:0:0:0:0:0:0:1 - - [12/Aug/2021:12:57:58 +0530] "GET /ProjectManage/CUpdate.html HTTP/1.1" 200 2166
0:0:0:0:0:0:0:1 - - [12/Aug/2021:12:58:08 +0530] "GET /ProjectManage/CourseUpdate.jsp?CourseId=&CName=&Duration=&Fees= HTTP/1.1" 200 152
127.0.0.1 - - [12/Aug/2021:13:02:59 +0530] "GET / HTTP/1.1" 404 951
127.0.0.1 - - [12/Aug/2021:13:03:08 +0530] "GET / HTTP/1.1" 404 951
0:0:0:0:0:0:0:1 - - [12/Aug/2021:13:03:12 +0530] "GET /ProjectManage/CUpdate.html HTTP/1.1" 200 2176
0:0:0:0:0:0:0:1 - - [12/Aug/2021:13:03:13 +0530] "GET /ProjectManage/CUpdate.html HTTP/1.1" 304 -
0:0:0:0:0:0:0:1 - - [12/Aug/2021:13:03:28 +0530] "GET /ProjectManage/CourseUpdate.jsp?CourseId=&CName=&Duration=&Fees= HTTP/1.1" 200 152
127.0.0.1 - - [12/Aug/2021:13:05:35 +0530] "GET / HTTP/1.1" 404 951
0:0:0:0:0:0:0:1 - - [12/Aug/2021:13:05:39 +0530] "GET /ProjectManage/CUpdate.html HTTP/1.1" 200 2199
0:0:0:0:0:0:0:1 - - [12/Aug/2021:13:05:46 +0530] "GET /ProjectManage/CourseUpdate.jsp?CourseId=1&CName=&Duration=&Fees= HTTP/1.1" 200 152
127.0.0.1 - - [12/Aug/2021:13:09:06 +0530] "GET / HTTP/1.1" 404 951
0:0:0:0:0:0:0:1 - - [12/Aug/2021:13:09:32 +0530] "GET /ProjectManage/CourseUpdate.jsp?CourseId=5768&CName=&Duration=&Fees=12000 HTTP/1.1" 200 204
127.0.0.1 - - [12/Aug/2021:13:11:41 +0530] "GET / HTTP/1.1" 404 951
0:0:0:0:0:0:0:1 - - [12/Aug/2021:13:11:47 +0530] "GET /ProjectManage/CUpdate.html HTTP/1.1" 200 1925
0:0:0:0:0:0:0:1 - - [12/Aug/2021:13:11:58 +0530] "GET /ProjectManage/CourseUpdate.jsp?CourseId=5768&CName=C%2B%2B&Duration=&Fees= HTTP/1.1" 200 204
127.0.0.1 - - [12/Aug/2021:13:13:06 +0530] "GET / HTTP/1.1" 404 951
0:0:0:0:0:0:0:1 - - [12/Aug/2021:13:13:09 +0530] "GET /ProjectManage/CUpdate.html HTTP/1.1" 304 -
0:0:0:0:0:0:0:1 - - [12/Aug/2021:13:13:12 +0530] "GET /ProjectManage/CUpdate.html HTTP/1.1" 304 -
0:0:0:0:0:0:0:1 - - [12/Aug/2021:13:13:34 +0530] "GET /ProjectManage/CourseUpdate.jsp?CourseId=5768&CName=C%2B%2B&Duration=90&Fees=3000 HTTP/1.1" 200 204
0:0:0:0:0:0:0:1 - - [12/Aug/2021:13:13:43 +0530] "GET /ProjectManage/CourseUpdate.jsp?CourseId=5768&CName=C%2B%2B&Duration=90&Fees=3000 HTTP/1.1" 200 204
127.0.0.1 - - [12/Aug/2021:13:17:39 +0530] "GET / HTTP/1.1" 404 951
0:0:0:0:0:0:0:1 - - [12/Aug/2021:13:17:47 +0530] "GET /ProjectManage/CUpdate.html HTTP/1.1" 304 -
0:0:0:0:0:0:0:1 - - [12/Aug/2021:13:17:58 +0530] "GET /ProjectManage/CourseUpdate.jsp?CourseId=5768&CName=C%2B%2B&Duration=&Fees= HTTP/1.1" 200 193
127.0.0.1 - - [12/Aug/2021:13:18:37 +0530] "GET / HTTP/1.1" 404 951
0:0:0:0:0:0:0:1 - - [12/Aug/2021:13:18:39 +0530] "GET /ProjectManage/CUpdate.html HTTP/1.1" 304 -
0:0:0:0:0:0:0:1 - - [12/Aug/2021:13:18:48 +0530] "GET /ProjectManage/CourseUpdate.jsp?CourseId=5768&CName=C%2B%2B&Duration=&Fees= HTTP/1.1" 200 204
127.0.0.1 - - [12/Aug/2021:19:44:06 +0530] "GET / HTTP/1.1" 404 951
0:0:0:0:0:0:0:1 - - [12/Aug/2021:19:45:58 +0530] "GET /ProjectManage/CUpdate.html HTTP/1.1" 304 -
0:0:0:0:0:0:0:1 - - [12/Aug/2021:19:45:59 +0530] "GET /ProjectManage/logos.jpg HTTP/1.1" 304 -
0:0:0:0:0:0:0:1 - - [12/Aug/2021:19:45:59 +0530] "GET /favicon.ico HTTP/1.1" 404 973
0:0:0:0:0:0:0:1 - - [12/Aug/2021:19:46:18 +0530] "GET /ProjectManage/AdmiInsert.html HTTP/1.1" 200 2269
127.0.0.1 - - [12/Aug/2021:19:47:49 +0530] "GET / HTTP/1.1" 404 951
0:0:0:0:0:0:0:1 - - [12/Aug/2021:19:47:55 +0530] "GET /ProjectManage/AdmiInsert.html HTTP/1.1" 200 2269
127.0.0.1 - - [12/Aug/2021:19:49:48 +0530] "GET / HTTP/1.1" 404 951
0:0:0:0:0:0:0:1 - - [12/Aug/2021:19:49:53 +0530] "GET /ProjectManage/AdmiInsert.html HTTP/1.1" 200 2269
127.0.0.1 - - [12/Aug/2021:19:53:52 +0530] "GET / HTTP/1.1" 404 951
0:0:0:0:0:0:0:1 - - [12/Aug/2021:19:53:55 +0530] "GET /ProjectManage/AdmiInsert.html HTTP/1.1" 200 2292
0:0:0:0:0:0:0:1 - - [12/Aug/2021:19:53:59 +0530] "GET /ProjectManage/AdmiInsert.html HTTP/1.1" 304 -
127.0.0.1 - - [12/Aug/2021:19:54:41 +0530] "GET / HTTP/1.1" 404 951
0:0:0:0:0:0:0:1 - - [12/Aug/2021:19:54:47 +0530] "GET /ProjectManage/AdmiInsert.html HTTP/1.1" 200 2286
127.0.0.1 - - [12/Aug/2021:19:55:22 +0530] "GET / HTTP/1.1" 404 951
0:0:0:0:0:0:0:1 - - [12/Aug/2021:19:55:25 +0530] "GET /ProjectManage/AdmiInsert.html HTTP/1.1" 200 2286
127.0.0.1 - - [12/Aug/2021:19:56:04 +0530] "GET / HTTP/1.1" 404 951
0:0:0:0:0:0:0:1 - - [12/Aug/2021:19:56:08 +0530] "GET /ProjectManage/AdmiInsert.html HTTP/1.1" 200 2280
127.0.0.1 - - [12/Aug/2021:19:57:05 +0530] "GET / HTTP/1.1" 404 951
0:0:0:0:0:0:0:1 - - [12/Aug/2021:19:57:11 +0530] "GET /ProjectManage/AdmiInsert.html HTTP/1.1" 200 2291
127.0.0.1 - - [12/Aug/2021:19:58:14 +0530] "GET / HTTP/1.1" 404 951
0:0:0:0:0:0:0:1 - - [12/Aug/2021:19:58:20 +0530] "GET /ProjectManage/AdmiInsert.html HTTP/1.1" 200 2265
127.0.0.1 - - [12/Aug/2021:20:00:44 +0530] "GET / HTTP/1.1" 404 951
0:0:0:0:0:0:0:1 - - [12/Aug/2021:20:00:50 +0530] "GET /ProjectManage/AdmiInsert.html HTTP/1.1" 200 2265
127.0.0.1 - - [12/Aug/2021:20:01:11 +0530] "GET / HTTP/1.1" 404 951
0:0:0:0:0:0:0:1 - - [12/Aug/2021:20:01:15 +0530] "GET /ProjectManage/AdmiInsert.html HTTP/1.1" 200 2265
127.0.0.1 - - [12/Aug/2021:20:03:35 +0530] "GET / HTTP/1.1" 404 951
0:0:0:0:0:0:0:1 - - [12/Aug/2021:20:03:40 +0530] "GET /ProjectManage/AdmiInsert.html HTTP/1.1" 200 2265
127.0.0.1 - - [12/Aug/2021:20:04:37 +0530] "GET / HTTP/1.1" 404 951
0:0:0:0:0:0:0:1 - - [12/Aug/2021:20:04:41 +0530] "GET /ProjectManage/AdmiInsert.html HTTP/1.1" 200 2262
127.0.0.1 - - [12/Aug/2021:20:06:32 +0530] "GET / HTTP/1.1" 404 951
0:0:0:0:0:0:0:1 - - [12/Aug/2021:20:06:36 +0530] "GET /ProjectManage/AdmiInsert.html HTTP/1.1" 200 2262
127.0.0.1 - - [12/Aug/2021:20:08:52 +0530] "GET / HTTP/1.1" 404 951
0:0:0:0:0:0:0:1 - - [12/Aug/2021:20:08:56 +0530] "GET /ProjectManage/AdmiInsert.html HTTP/1.1" 200 2276
127.0.0.1 - - [12/Aug/2021:20:10:52 +0530] "GET / HTTP/1.1" 404 951
0:0:0:0:0:0:0:1 - - [12/Aug/2021:20:10:56 +0530] "GET /ProjectManage/AdmiInsert.html HTTP/1.1" 200 2262
127.0.0.1 - - [12/Aug/2021:20:12:47 +0530] "GET / HTTP/1.1" 404 951
0:0:0:0:0:0:0:1 - - [12/Aug/2021:20:12:53 +0530] "GET /ProjectManage/AdmiInsert.html HTTP/1.1" 200 2284
127.0.0.1 - - [12/Aug/2021:20:14:19 +0530] "GET / HTTP/1.1" 404 951
0:0:0:0:0:0:0:1 - - [12/Aug/2021:20:14:24 +0530] "GET /ProjectManage/AdmiInsert.html HTTP/1.1" 200 2284
127.0.0.1 - - [12/Aug/2021:20:15:16 +0530] "GET / HTTP/1.1" 404 951
0:0:0:0:0:0:0:1 - - [12/Aug/2021:20:15:23 +0530] "GET /ProjectManage/AdmiInsert.html HTTP/1.1" 200 2284
127.0.0.1 - - [12/Aug/2021:20:19:24 +0530] "GET / HTTP/1.1" 404 951
0:0:0:0:0:0:0:1 - - [12/Aug/2021:20:19:31 +0530] "GET /ProjectManage/AdmiInsert.html HTTP/1.1" 304 -
127.0.0.1 - - [12/Aug/2021:20:53:09 +0530] "GET / HTTP/1.1" 404 951
0:0:0:0:0:0:0:1 - - [12/Aug/2021:20:54:08 +0530] "GET /projectOne/CShowAll.jsp HTTP/1.1" 404 997
0:0:0:0:0:0:0:1 - - [12/Aug/2021:20:54:08 +0530] "GET /favicon.ico HTTP/1.1" 404 973
0:0:0:0:0:0:0:1 - - [12/Aug/2021:20:54:30 +0530] "GET /ProjectManage/Course.html HTTP/1.1" 304 -
0:0:0:0:0:0:0:1 - - [12/Aug/2021:20:54:51 +0530] "GET /ProjectManage/CShowAll.jsp HTTP/1.1" 200 198
127.0.0.1 - - [12/Aug/2021:20:56:18 +0530] "GET / HTTP/1.1" 404 951
0:0:0:0:0:0:0:1 - - [12/Aug/2021:20:56:24 +0530] "GET /ProjectManage/CShowAll.jsp HTTP/1.1" 200 424
127.0.0.1 - - [12/Aug/2021:21:09:40 +0530] "GET / HTTP/1.1" 404 951
0:0:0:0:0:0:0:1 - - [12/Aug/2021:21:10:06 +0530] "GET /ProjectManage/AdmiInsert.html HTTP/1.1" 200 2283
0:0:0:0:0:0:0:1 - - [12/Aug/2021:21:11:59 +0530] "GET /ProjectManage/AdmiInsert.jsp?RollNo=1011&Name=Ajay&Address=agra&Phone=9149084763&CourseId=5768&DateofAdm=12%2F08%2F21&Remarks=good HTTP/1.1" 404 1007
127.0.0.1 - - [12/Aug/2021:21:13:23 +0530] "GET / HTTP/1.1" 404 951
0:0:0:0:0:0:0:1 - - [12/Aug/2021:21:13:27 +0530] "GET /ProjectManage/AdmiInsert.html HTTP/1.1" 200 2280
0:0:0:0:0:0:0:1 - - [12/Aug/2021:21:13:48 +0530] "GET /ProjectManage/AdmiIns.jsp?RollNo=1011&Name=Ajay&Address=agra&Phone=9149084763&CourseId=5768&DateofAdm=12%2F08%2F21&Remarks=good HTTP/1.1" 200 152
127.0.0.1 - - [12/Aug/2021:21:18:14 +0530] "GET / HTTP/1.1" 404 951
0:0:0:0:0:0:0:1 - - [12/Aug/2021:21:18:33 +0530] "GET /ProjectManage/AdmiDelete.html HTTP/1.1" 200 1468
127.0.0.1 - - [12/Aug/2021:21:22:11 +0530] "GET / HTTP/1.1" 404 951
0:0:0:0:0:0:0:1 - - [12/Aug/2021:21:22:16 +0530] "GET /ProjectManage/AdmiDelete.html HTTP/1.1" 200 1530
127.0.0.1 - - [12/Aug/2021:21:24:16 +0530] "GET / HTTP/1.1" 404 951
0:0:0:0:0:0:0:1 - - [12/Aug/2021:21:24:20 +0530] "GET /ProjectManage/AdmiDelete.html HTTP/1.1" 200 1550
127.0.0.1 - - [12/Aug/2021:21:25:07 +0530] "GET / HTTP/1.1" 404 951
0:0:0:0:0:0:0:1 - - [12/Aug/2021:21:25:12 +0530] "GET /ProjectManage/AdmiDelete.html HTTP/1.1" 200 1551
127.0.0.1 - - [12/Aug/2021:21:26:14 +0530] "GET / HTTP/1.1" 404 951
0:0:0:0:0:0:0:1 - - [12/Aug/2021:21:26:20 +0530] "GET /ProjectManage/AdmiDelete.html HTTP/1.1" 200 1534
127.0.0.1 - - [12/Aug/2021:21:39:21 +0530] "GET / HTTP/1.1" 404 951
0:0:0:0:0:0:0:1 - - [12/Aug/2021:21:39:33 +0530] "GET /ProjectManage/AdmiDelete.html HTTP/1.1" 200 1533
0:0:0:0:0:0:0:1 - - [12/Aug/2021:21:39:45 +0530] "GET /ProjectManage/AdmiDel.jsp?RollNo=1011 HTTP/1.1" 200 153
127.0.0.1 - - [12/Aug/2021:21:40:56 +0530] "GET / HTTP/1.1" 404 951
127.0.0.1 - - [12/Aug/2021:21:41:57 +0530] "GET / HTTP/1.1" 404 951
0:0:0:0:0:0:0:1 - - [12/Aug/2021:21:42:00 +0530] "GET /ProjectManage/AdmiDelete.html HTTP/1.1" 200 1534
0:0:0:0:0:0:0:1 - - [12/Aug/2021:21:42:02 +0530] "GET /ProjectManage/AdmiDelete.html HTTP/1.1" 304 -
0:0:0:0:0:0:0:1 - - [12/Aug/2021:21:42:08 +0530] "GET /ProjectManage/AdmiDel.jsp?RollNo=1011 HTTP/1.1" 200 153
127.0.0.1 - - [12/Aug/2021:22:07:34 +0530] "GET / HTTP/1.1" 404 951
0:0:0:0:0:0:0:1 - - [12/Aug/2021:22:07:52 +0530] "GET /ProjectManage/AdmiFind.html HTTP/1.1" 200 1524
0:0:0:0:0:0:0:1 - - [12/Aug/2021:22:08:11 +0530] "GET /ProjectManage/AdmiFin.jsp?RollNo=12345 HTTP/1.1" 200 408
127.0.0.1 - - [12/Aug/2021:22:13:33 +0530] "GET / HTTP/1.1" 404 951
0:0:0:0:0:0:0:1 - - [12/Aug/2021:22:14:45 +0530] "GET /ProjectManage/AdmiFind.html HTTP/1.1" 304 -
0:0:0:0:0:0:0:1 - - [12/Aug/2021:22:15:02 +0530] "GET /ProjectManage/AdmiShowAll.jsp HTTP/1.1" 200 422
127.0.0.1 - - [12/Aug/2021:22:16:06 +0530] "GET / HTTP/1.1" 404 951
0:0:0:0:0:0:0:1 - - [12/Aug/2021:22:16:12 +0530] "GET /ProjectManage/AdmiShowAll.jsp HTTP/1.1" 200 196
127.0.0.1 - - [12/Aug/2021:22:17:15 +0530] "GET / HTTP/1.1" 404 951
0:0:0:0:0:0:0:1 - - [12/Aug/2021:22:17:19 +0530] "GET /ProjectManage/AdmiShowAll.jsp HTTP/1.1" 200 410
127.0.0.1 - - [12/Aug/2021:22:38:37 +0530] "GET / HTTP/1.1" 404 951
0:0:0:0:0:0:0:1 - - [12/Aug/2021:22:39:20 +0530] "GET /ProjectManage/EnqInsert.html HTTP/1.1" 200 2214
0:0:0:0:0:0:0:1 - - [12/Aug/2021:22:40:43 +0530] "GET /ProjectManage/EnqIns.jsp?EnquiryId=234&EName=Shubham&EAdd=Mumbai&Email=sp12%40gmail.com&Phone=8373836382&CourseId=566&Remarks=12%2F08%2F21 HTTP/1.1" 200 152
127.0.0.1 - - [12/Aug/2021:22:43:05 +0530] "GET / HTTP/1.1" 404 951
0:0:0:0:0:0:0:1 - - [12/Aug/2021:22:43:12 +0530] "GET /ProjectManage/EnqInsert.html HTTP/1.1" 200 2228
0:0:0:0:0:0:0:1 - - [12/Aug/2021:22:44:10 +0530] "GET /ProjectManage/EnqIns.jsp?EnquiryId=345&EName=Aman&EAdd=Mumbai&Email=spe123%40gmail.com&Phone=2334334314&CourseId=7379&DateofEnquiry=12%2F08%2F21 HTTP/1.1" 200 152
127.0.0.1 - - [12/Aug/2021:22:58:11 +0530] "GET / HTTP/1.1" 404 951
0:0:0:0:0:0:0:1 - - [12/Aug/2021:22:58:30 +0530] "GET /ProjectManage/EnqDelete.html HTTP/1.1" 200 1500
127.0.0.1 - - [12/Aug/2021:23:00:11 +0530] "GET / HTTP/1.1" 404 951
0:0:0:0:0:0:0:1 - - [12/Aug/2021:23:00:17 +0530] "GET /ProjectManage/EnqDelete.html HTTP/1.1" 200 1516
0:0:0:0:0:0:0:1 - - [12/Aug/2021:23:00:25 +0530] "GET /ProjectManage/EnqDelete.html HTTP/1.1" 304 -
127.0.0.1 - - [12/Aug/2021:23:00:57 +0530] "GET / HTTP/1.1" 404 951
0:0:0:0:0:0:0:1 - - [12/Aug/2021:23:01:00 +0530] "GET /ProjectManage/EnqDelete.html HTTP/1.1" 200 1515
0:0:0:0:0:0:0:1 - - [12/Aug/2021:23:01:41 +0530] "GET /ProjectManage/EnqDel.jsp?EnquiryId=234 HTTP/1.1" 200 146
127.0.0.1 - - [12/Aug/2021:23:04:25 +0530] "GET / HTTP/1.1" 404 951
0:0:0:0:0:0:0:1 - - [12/Aug/2021:23:04:28 +0530] "GET /ProjectManage/EnqDelete.html HTTP/1.1" 304 -
0:0:0:0:0:0:0:1 - - [12/Aug/2021:23:04:34 +0530] "GET /ProjectManage/EnqDel.jsp?EnquiryId=234 HTTP/1.1" 200 146
127.0.0.1 - - [12/Aug/2021:23:13:39 +0530] "GET / HTTP/1.1" 404 951
0:0:0:0:0:0:0:1 - - [12/Aug/2021:23:13:55 +0530] "GET /ProjectManage/EnqFind.html HTTP/1.1" 200 1510
0:0:0:0:0:0:0:1 - - [12/Aug/2021:23:14:02 +0530] "GET /ProjectManage/EnqFin.jsp?EnquiryId=345 HTTP/1.1" 200 295
127.0.0.1 - - [12/Aug/2021:23:15:28 +0530] "GET / HTTP/1.1" 404 951
0:0:0:0:0:0:0:1 - - [12/Aug/2021:23:15:34 +0530] "GET /ProjectManage/EnqFind.html HTTP/1.1" 304 -
0:0:0:0:0:0:0:1 - - [12/Aug/2021:23:15:40 +0530] "GET /ProjectManage/EnqFin.jsp?EnquiryId=345 HTTP/1.1" 200 418
127.0.0.1 - - [12/Aug/2021:23:20:29 +0530] "GET / HTTP/1.1" 404 951
127.0.0.1 - - [12/Aug/2021:23:20:30 +0530] "GET /ProjectManage/EnqShowAll.jsp HTTP/1.1" 500 2470
0:0:0:0:0:0:0:1 - - [12/Aug/2021:23:20:37 +0530] "GET /ProjectManage/EnqShowAll.jsp HTTP/1.1" 500 2470
0:0:0:0:0:0:0:1 - - [12/Aug/2021:23:20:41 +0530] "GET /ProjectManage/EnqShowAll.jsp HTTP/1.1" 200 547
127.0.0.1 - - [12/Aug/2021:23:37:18 +0530] "GET / HTTP/1.1" 404 951
0:0:0:0:0:0:0:1 - - [12/Aug/2021:23:37:38 +0530] "GET /ProjectManage/TeaInsert.html HTTP/1.1" 200 2082
127.0.0.1 - - [12/Aug/2021:23:40:56 +0530] "GET / HTTP/1.1" 404 951
0:0:0:0:0:0:0:1 - - [12/Aug/2021:23:41:01 +0530] "GET /ProjectManage/TeaInsert.html HTTP/1.1" 200 2066
0:0:0:0:0:0:0:1 - - [12/Aug/2021:23:42:07 +0530] "GET /ProjectManage/TeaIns.jsp?TeacherId=2457&TName=Pankaj+Sharma&TAdd=Agra&TPhone=7388263283&TEmail=jfiw123%40gmail.com&CourseId=83738 HTTP/1.1" 200 145
